// Jest Snapshot v1, https://goo.gl/fbAQLP

exports[`Tests on SearchBar.js should be render 1`] = `
<form
  className="w-full mt-6 flex items-center justify-between"
  onSubmit={[Function]}
>
  <input
    className="w-3/5 border-black border-2 pl-2 h-10 placeholder:text-black"
    name="name"
    onChange={[Function]}
    placeholder="Ingrese el nombre a buscar"
    type="text"
    value=""
  />
  <button
    className="w-1/5 py-3 shadow-button rounded-xl bg-gray-300 font-bold border-black border-2 text-xl"
    type="submit"
  >
    Buscar
  </button>
</form>
`;
